?   	github.com/mfridman/rover	[no test files]
?   	github.com/mfridman/rover/cmd/assets	[no test files]
?   	github.com/mfridman/rover/cmd/roverd	[no test files]
=== RUN   TestStringPager
=== RUN   TestStringPager/PageableWithLimit
=== RUN   TestStringPager/NonPageable
--- PASS: TestStringPager (0.00s)
    --- PASS: TestStringPager/PageableWithLimit (0.00s)
    --- PASS: TestStringPager/NonPageable (0.00s)
PASS
coverage: 100.0% of statements
ok  	github.com/mfridman/rover/pkg/paging/stringpager	0.033s	coverage: 100.0% of statements
?   	github.com/mfridman/rover/pkg/web	[no test files]
?   	github.com/mfridman/rover/rpc/mailer	[no test files]
?   	github.com/mfridman/rover/smtp	[no test files]
?   	github.com/mfridman/rover/smtp/smtpserver	[no test files]
?   	github.com/mfridman/rover/storage	[no test files]
?   	github.com/mfridman/rover/storage/badger	[no test files]
=== RUN   TestNameFormat
--- PASS: TestNameFormat (0.00s)
PASS
coverage: 0.0% of statements
ok  	github.com/mfridman/rover/tests/helper	0.030s	coverage: 0.0% of statements
2018/12/16 20:40:12 Replaying from value pointer: {Fid:0 Len:0 Offset:0}
2018/12/16 20:40:12 Iterating file id: 0
2018/12/16 20:40:12 Iteration took: 80.538µs
2018/12/16 20:40:12 Replaying from value pointer: {Fid:0 Len:0 Offset:0}
2018/12/16 20:40:12 Iterating file id: 0
2018/12/16 20:40:12 Iteration took: 43.759µs
=== RUN   TestAddEmail
=== PAUSE TestAddEmail
=== RUN   TestDeleteEmail
=== PAUSE TestDeleteEmail
=== RUN   TestMarkAsRead
=== PAUSE TestMarkAsRead
=== RUN   TestMarkAsUnRead
=== PAUSE TestMarkAsUnRead
=== CONT  TestAddEmail
=== CONT  TestMarkAsUnRead
=== CONT  TestMarkAsRead
=== CONT  TestDeleteEmail
=== RUN   TestAddEmail/retrieveEmail
--- PASS: TestAddEmail (0.00s)
    --- PASS: TestAddEmail/retrieveEmail (0.00s)
--- PASS: TestDeleteEmail (0.00s)
--- PASS: TestMarkAsRead (0.00s)
--- PASS: TestMarkAsUnRead (0.00s)
PASS
coverage: 0.0% of statements
server closed
ok  	github.com/mfridman/rover/tests	0.046s	coverage: 0.0% of statements
