╭────────┬─────────┬──────────┬─────────────────────────────╮
│ Status │ Elapsed │   Test   │           Package           │
├────────┼─────────┼──────────┼─────────────────────────────┤
│  [91mFAIL[0m  │  0.01   │ TestFail │ github.com/example/testpkg2 │
╰────────┴─────────┴──────────┴─────────────────────────────╯
[38;5;103m┏━━━━━━━━━━━━━━━━━━━━━━━━━━━━━━━━━━━━━━━━━━━━━━━━┓[0m
[38;5;103m┃[0m   [91m[91mFAIL[0m[0m  package: github.com/example/testpkg2   [38;5;103m┃[0m
[38;5;103m┗━━━━━━━━━━━━━━━━━━━━━━━━━━━━━━━━━━━━━━━━━━━━━━━━┛[0m

[31m--- FAIL: TestFail (0.01s)[0m

    example_test.go:10: test failed

╭────────┬─────────┬─────────────────────────────┬───────┬──────┬──────┬──────╮
│ Status │ Elapsed │           Package           │ Cover │ Pass │ Fail │ Skip │
├────────┼─────────┼─────────────────────────────┼───────┼──────┼──────┼──────┤
│  [91mFAIL[0m  │  0.03s  │ github.com/example/testpkg2 │  --   │  2   │  1   │  0   │
╰────────┴─────────┴─────────────────────────────┴───────┴──────┴──────┴──────╯
