==================
WARNING: DATA RACE
Write at 0x00c0000d8938 by goroutine 65:
  github.com/mfridman/tparse/parse.TestRace2.func1()
      /Users/michael.fridman/go/src/github.com/mfridman/tparse/parse/some_test.go:17 +0x38

Previous write at 0x00c0000d8938 by goroutine 26:
  github.com/mfridman/tparse/parse.TestRace2()
      /Users/michael.fridman/go/src/github.com/mfridman/tparse/parse/some_test.go:18 +0x96
  testing.tRunner()
      /usr/local/go/src/testing/testing.go:827 +0x162

Goroutine 65 (running) created at:
  github.com/mfridman/tparse/parse.TestRace2()
      /Users/michael.fridman/go/src/github.com/mfridman/tparse/parse/some_test.go:17 +0x88
  testing.tRunner()
      /usr/local/go/src/testing/testing.go:827 +0x162

Goroutine 26 (running) created at:
  testing.(*T).Run()
      /usr/local/go/src/testing/testing.go:878 +0x650
  testing.runTests.func1()
      /usr/local/go/src/testing/testing.go:1119 +0xa8
  testing.tRunner()
      /usr/local/go/src/testing/testing.go:827 +0x162
  testing.runTests()
      /usr/local/go/src/testing/testing.go:1117 +0x4ee
  testing.(*M).Run()
      /usr/local/go/src/testing/testing.go:1034 +0x2ee
  main.main()
      _testmain.go:136 +0x332
==================
==================
WARNING: DATA RACE
Write at 0x00c000014508 by goroutine 63:
  github.com/mfridman/tparse/parse.TestRace1.func1()
      /Users/michael.fridman/go/src/github.com/mfridman/tparse/parse/some_test.go:10 +0x38

Previous write at 0x00c000014508 by goroutine 25:
  github.com/mfridman/tparse/parse.TestRace1()
      /Users/michael.fridman/go/src/github.com/mfridman/tparse/parse/some_test.go:11 +0x96
  testing.tRunner()
      /usr/local/go/src/testing/testing.go:827 +0x162

Goroutine 63 (running) created at:
  github.com/mfridman/tparse/parse.TestRace1()
      /Users/michael.fridman/go/src/github.com/mfridman/tparse/parse/some_test.go:10 +0x88
  testing.tRunner()
      /usr/local/go/src/testing/testing.go:827 +0x162

Goroutine 25 (running) created at:
  testing.(*T).Run()
      /usr/local/go/src/testing/testing.go:878 +0x650
  testing.runTests.func1()
      /usr/local/go/src/testing/testing.go:1119 +0xa8
  testing.tRunner()
      /usr/local/go/src/testing/testing.go:827 +0x162
  testing.runTests()
      /usr/local/go/src/testing/testing.go:1117 +0x4ee
  testing.(*M).Run()
      /usr/local/go/src/testing/testing.go:1034 +0x2ee
  main.main()
      _testmain.go:136 +0x332
==================
--- FAIL: TestSingleFailStack (0.01s)
    --- FAIL: TestSingleFailStack/input01 (0.00s)
        stack_test.go:63: 
            got plain:
            --- FAIL: TestStatus (0.00s)
                status_test.go:91: got no failed tests, want one or more tests to be marked as "fail"
            
            got quoted:
            "--- FAIL: TestStatus (0.00s)\n    status_test.go:91: got no failed tests, want one or more tests to be marked as \"fail\"\n"
        stack_test.go:64: 
            want plain:
            --- FAIL: TestStatus (0.00s)
                status_test.go:91: got no failed tests, want one or more tests to be marked as "fail"
            
            want quoted:
            "--- FAIL: TestStatus (0.00s)\n    status_test.go:91: got no failed tests, want one or more tests to be marked as \"fail\"\n"
        testing.go:771: race detected during execution of test
    testing.go:771: race detected during execution of test
--- FAIL: TestElapsed (0.01s)
    metrics_test.go:155: expected test names:
    metrics_test.go:157: TestCompareStrings
    metrics_test.go:157: TestCaseConsistency
    testing.go:771: race detected during execution of test
        big_test.go:60: input01.json 1
        big_test.go:60: input02.json 7
        big_test.go:60: input03.json 1
        big_test.go:60: input04.json 1
        big_test.go:60: input05.json 1
        big_test.go:60: input06.json 1
        big_test.go:60: input07.json 1
        big_test.go:60: input08.json 1
--- FAIL: TestPrescan (0.00s)
--- FAIL: TestNewEvent (0.01s)
--- FAIL: TestPackageCover (0.14s)
    testing.go:771: race detected during execution of test
--- FAIL: TestPackageCache (0.22s)
    testing.go:771: race detected during execution of test
FAIL
coverage: 93.6% of statements
FAIL	github.com/mfridman/tparse/parse	0.391s
