╭────────┬─────────┬──────────────┬──────────────────────────────────────╮
│ Status │ Elapsed │     Test     │               Package                │
├────────┼─────────┼──────────────┼──────────────────────────────────────┤
│  [91mFAIL[0m  │  1.00   │ TestWhatever │ github.com/mfridman/debug-go/testing │
╰────────┴─────────┴──────────────┴──────────────────────────────────────╯
[38;5;103m┏━━━━━━━━━━━━━━━━━━━━━━━━━━━━━━━━━━━━━━━━━━━━━━━━━━━━━━━━━┓[0m
[38;5;103m┃[0m   [91m[91mFAIL[0m[0m  package: github.com/mfridman/debug-go/testing   [38;5;103m┃[0m
[38;5;103m┗━━━━━━━━━━━━━━━━━━━━━━━━━━━━━━━━━━━━━━━━━━━━━━━━━━━━━━━━━┛[0m

[31m--- FAIL: TestWhatever (1.00s)[0m

    main_test.go:13: assert error
    main_test.go:14: 
        	Error Trace:	main_test.go:14
        	Error:      	"does not contain" does not contain "ostriche"
        	Test:       	TestWhatever
    main_test.go:15: 
        	Error Trace:	main_test.go:15
        	Error:      	Received unexpected error:
        	            	make the errorss..
        	Test:       	TestWhatever
    main_test.go:17: skdhjfg

╭────────┬─────────┬──────────────────────────────────────┬───────┬──────┬──────┬──────╮
│ Status │ Elapsed │               Package                │ Cover │ Pass │ Fail │ Skip │
├────────┼─────────┼──────────────────────────────────────┼───────┼──────┼──────┼──────┤
│  [91mFAIL[0m  │  1.11s  │ github.com/mfridman/debug-go/testing │  --   │  0   │  1   │  0   │
╰────────┴─────────┴──────────────────────────────────────┴───────┴──────┴──────┴──────╯
