╭────────┬─────────┬───────────────────────────────────────┬───────────────────────────────────────╮
│ Status │ Elapsed │                 Test                  │                Package                │
├────────┼─────────┼───────────────────────────────────────┼───────────────────────────────────────┤
│  [92mPASS[0m  │  5.45   │ TestMigrateUpWithReset                │ github.com/pressly/goose/v3/tests/e2e │
│  [92mPASS[0m  │  5.39   │ TestMigrateUpTo                       │ github.com/pressly/goose/v3/tests/e2e │
│  [92mPASS[0m  │  4.96   │ TestMigrateUpByOne                    │ github.com/pressly/goose/v3/tests/e2e │
│  [92mPASS[0m  │  3.37   │ TestMigrateFull                       │ github.com/pressly/goose/v3/tests/e2e │
│  [92mPASS[0m  │  2.53   │ TestMigrateUpWithRedo                 │ github.com/pressly/goose/v3/tests/e2e │
│  [92mPASS[0m  │  2.32   │ TestNoVersioning                      │ github.com/pressly/goose/v3/tests/e2e │
│  [92mPASS[0m  │  0.02   │ TestNoVersioning/seed-up-down-to-zero │ github.com/pressly/goose/v3/tests/e2e │
│  [92mPASS[0m  │  0.02   │ TestNoVersioning/test-seed-up-reset   │ github.com/pressly/goose/v3/tests/e2e │
│  [92mPASS[0m  │  0.01   │ TestNoVersioning/test-seed-up-redo    │ github.com/pressly/goose/v3/tests/e2e │
│  [91mFAIL[0m  │  3.71   │ TestNotAllowMissing                   │ github.com/pressly/goose/v3/tests/e2e │
│  [91mFAIL[0m  │  2.55   │ TestAllowMissingUpWithRedo            │ github.com/pressly/goose/v3/tests/e2e │
│  [91mFAIL[0m  │  3.16   │ TestNowAllowMissingUpByOne            │ github.com/pressly/goose/v3/tests/e2e │
│  [91mFAIL[0m  │  4.13   │ TestAllowMissingUpWithReset           │ github.com/pressly/goose/v3/tests/e2e │
│  [91mFAIL[0m  │  3.15   │ TestAllowMissingUpByOne               │ github.com/pressly/goose/v3/tests/e2e │
│  [91mFAIL[0m  │  5.11   │ TestMigrateAllowMissingDown           │ github.com/pressly/goose/v3/tests/e2e │
╰────────┴─────────┴───────────────────────────────────────┴───────────────────────────────────────╯
[38;5;103m┏━━━━━━━━━━━━━━━━━━━━━━━━━━━━━━━━━━━━━━━━━━━━━━━━━━━━━━━━━━┓[0m
[38;5;103m┃[0m   [91m[91mFAIL[0m[0m  package: github.com/pressly/goose/v3/tests/e2e   [38;5;103m┃[0m
[38;5;103m┗━━━━━━━━━━━━━━━━━━━━━━━━━━━━━━━━━━━━━━━━━━━━━━━━━━━━━━━━━━┛[0m

[31m--- FAIL: TestAllowMissingUpByOne (3.15s)[0m

    allow_missing_test.go:329: unexpected number value: got:0 want:1 
2022/05/19 22:03:07 OK    00001_a.sql
2022/05/19 22:03:07 OK    00002_b.sql
2022/05/19 22:03:07 OK    00003_c.sql
2022/05/19 22:03:07 OK    00004_d.sql
2022/05/19 22:03:07 OK    00005_e.sql
2022/05/19 22:03:07 OK    00006_f.sql
2022/05/19 22:03:07 OK    00007_g.sql
2022/05/19 22:03:07 OK    00008_h.sql
2022/05/19 22:03:07 OK    00009_i.sql
2022/05/19 22:03:07 OK    00010_j.sql
2022/05/19 22:03:07 OK    00011_k.sql
2022/05/19 22:03:07 goose: no migrations to run. current version: 11
2022/05/19 22:03:07 OK    00011_k.sql
2022/05/19 22:03:07 OK    00010_j.sql

────────────────────────────────────────────────────────────────────────────────────────────────
[2m[0m                                                                                                
[31m--- FAIL: TestAllowMissingUpWithRedo (2.55s)[0m

    allow_missing_test.go:329: unexpected number value: got:0 want:1 

────────────────────────────────────────────────────────────────────────────────────────────────
[2m[0m                                                                                                
[31m--- FAIL: TestAllowMissingUpWithReset (4.13s)[0m

    allow_missing_test.go:329: unexpected number value: got:0 want:1 
2022/05/19 22:03:08 OK    00001_a.sql
2022/05/19 22:03:08 OK    00002_b.sql
2022/05/19 22:03:08 OK    00003_c.sql
2022/05/19 22:03:08 OK    00004_d.sql
2022/05/19 22:03:08 OK    00005_e.sql
2022/05/19 22:03:08 OK    00006_f.sql
2022/05/19 22:03:08 OK    00007_g.sql
2022/05/19 22:03:08 OK    00008_h.sql
2022/05/19 22:03:08 OK    00009_i.sql
2022/05/19 22:03:08 OK    00010_j.sql
2022/05/19 22:03:08 OK    00011_k.sql
2022/05/19 22:03:08 goose: no migrations to run. current version: 11

────────────────────────────────────────────────────────────────────────────────────────────────
[2m[0m                                                                                                
[31m--- FAIL: TestMigrateAllowMissingDown (5.11s)[0m

    allow_missing_test.go:329: unexpected number value: got:0 want:1 
2022/05/19 22:03:09 OK    00005_e.sql
2022/05/19 22:03:09 OK    00006_f.sql
2022/05/19 22:03:09 OK    00007_g.sql
2022/05/19 22:03:09 OK    00008_h.sql
2022/05/19 22:03:09 OK    00009_i.sql
2022/05/19 22:03:09 OK    00010_j.sql
2022/05/19 22:03:09 OK    00001_a.sql
2022/05/19 22:03:09 OK    00001_a.sql
2022/05/19 22:03:09 OK    00011_k.sql
2022/05/19 22:03:09 goose: no migrations to run. current version: 11
2022/05/19 22:03:09 OK    00001_a.sql
2022/05/19 22:03:09 OK    00011_k.sql
2022/05/19 22:03:09 OK    00002_b.sql
2022/05/19 22:03:09 OK    00010_j.sql
2022/05/19 22:03:09 OK    00009_i.sql
2022/05/19 22:03:09 OK    00002_b.sql
2022/05/19 22:03:09 OK    00008_h.sql
2022/05/19 22:03:09 OK    00001_a.sql
2022/05/19 22:03:09 OK    00002_b.sql
2022/05/19 22:03:09 OK    00003_c.sql
2022/05/19 22:03:09 OK    00007_g.sql
2022/05/19 22:03:09 OK    00002_b.sql
2022/05/19 22:03:09 goose: no migrations to run. current version: 2
2022/05/19 22:03:09 OK    00006_f.sql
2022/05/19 22:03:09 OK    00003_c.sql
2022/05/19 22:03:09 OK    00005_e.sql
2022/05/19 22:03:09 OK    00003_c.sql
2022/05/19 22:03:09 OK    00004_d.sql
2022/05/19 22:03:09 OK    00004_d.sql
2022/05/19 22:03:09 OK    00003_c.sql
2022/05/19 22:03:09 OK    00004_d.sql
2022/05/19 22:03:09 OK    00002_b.sql
2022/05/19 22:03:09 OK    00004_d.sql
2022/05/19 22:03:09 OK    00001_a.sql
2022/05/19 22:03:09 OK    00005_e.sql
2022/05/19 22:03:09 OK    00005_e.sql
2022/05/19 22:03:09 OK    00005_e.sql
2022/05/19 22:03:09 OK    00006_f.sql
2022/05/19 22:03:09 OK    00006_f.sql
2022/05/19 22:03:09 OK    00006_f.sql
2022/05/19 22:03:09 OK    00007_g.sql
2022/05/19 22:03:09 OK    00007_g.sql
2022/05/19 22:03:09 OK    00007_g.sql
2022/05/19 22:03:09 OK    00008_h.sql

────────────────────────────────────────────────────────────────────────────────────────────────
[2m[0m                                                                                                
[31m--- FAIL: TestNotAllowMissing (3.71s)[0m

    allow_missing_test.go:329: unexpected number value: got:0 want:1 

────────────────────────────────────────────────────────────────────────────────────────────────
[2m[0m                                                                                                
[31m--- FAIL: TestNowAllowMissingUpByOne (3.16s)[0m

    allow_missing_test.go:329: unexpected number value: got:0 want:1 

╭────────┬─────────┬───────────────────────────────────────┬───────┬──────┬──────┬──────╮
│ Status │ Elapsed │                Package                │ Cover │ Pass │ Fail │ Skip │
├────────┼─────────┼───────────────────────────────────────┼───────┼──────┼──────┼──────┤
│  [91mFAIL[0m  │  9.00s  │ github.com/pressly/goose/v3/tests/e2e │  --   │  9   │  6   │  0   │
╰────────┴─────────┴───────────────────────────────────────┴───────┴──────┴──────┴──────╯
